18:01:02 **** Auto Build of configuration Debug for project lenet-5 ****
make pre-build main-build 
a9-linaro-pre-build-step
' '
'Building file: ../src/main.cc'
'Invoking: ARM v7 g++ compiler'
arm-none-eabi-g++ -Wall -O0 -g3 -c -fmessage-length=0 -MT"src/main.o" -mcpu=cortex-a9 -mfpu=vfpv3 -mfloat-abi=hard -I../../lenet-5_bsp/ps7_cortexa9_0/include -MMD -MP -MF"src/main.d" -MT"src/main.o" -o "src/main.o" "../src/main.cc"
'Finished building: ../src/main.cc'
' '
'Building target: lenet-5.elf'
'Invoking: ARM v7 g++ linker'
arm-none-eabi-g++ -mcpu=cortex-a9 -mfpu=vfpv3 -mfloat-abi=hard -Wl,-build-id=none -specs=Xilinx.spec -Wl,-T -Wl,../src/lscript.ld -L../../lenet-5_bsp/ps7_cortexa9_0/lib -o "lenet-5.elf"  ./src/main.o   -Wl,--start-group,-lxil,-lgcc,-lc,-lstdc++,--end-group
'Finished building target: lenet-5.elf'
' '
'Invoking: ARM v7 Print Size'
arm-none-eabi-size lenet-5.elf  |tee "lenet-5.elf.size"
   text	   data	    bss	    dec	    hex	filename
  94420	   2852	  25096	 122368	  1de00	lenet-5.elf
'Finished building: lenet-5.elf.size'
' '

18:01:02 Build Finished (took 601ms)

